// Jest Snapshot v1, https://goo.gl/fbAQLP

exports[`Business List should match snapshot 1`] = `
<div>
  <withRouter(Connect(NavBar)) />
  <div
    style={
      Object {
        "float": "right",
        "width": "50%",
      }
    }
  >
    <SearchBusiness
      searchBusinesses={Object {}}
    />
  </div>
  <div
    className="container"
  >
    <div
      style={
        Object {
          "margin": "100px",
        }
      }
    >
      <div>
        <h4>
          Below are a list of all Registered businesses
        </h4>
      </div>
    </div>
    <div
      className="table-responsive"
    >
      <table
        className="table table-striped"
      >
        <thead>
          <tr>
            <td>
              <b>
                Name
              </b>
            </td>
            <td>
              <b>
                Category
              </b>
            </td>
            <td>
              <b>
                Location
              </b>
            </td>
            <td>
              <b>
                Description
              </b>
            </td>
            <td>
              <b>
                Review
              </b>
            </td>
          </tr>
        </thead>
        <tbody>
          <tr
            key="1"
          >
            <td>
              business test
            </td>
            <td>
              test
            </td>
            <td>
              loc
            </td>
            <td>
              desc
            </td>
            <td>
              <Link
                className="btn btn-info"
                replace={false}
                role="button"
                style={
                  Object {
                    "marginRight": "20px",
                  }
                }
                to="/addreview/1"
              >
                Review
              </Link>
            </td>
          </tr>
        </tbody>
      </table>
    </div>
  </div>
  <Footer />
</div>
`;
