// Jest Snapshot v1, https://goo.gl/fbAQLP

exports[`Business component should match snapshot 1`] = `<Route />`;

exports[`RegisterBusiness component should match snapshot 1`] = `<Route />`;

exports[`SBusiness component should match snapshot 1`] = `<Route />`;

exports[`SingBusiness component should match snapshot 1`] = `<Route />`;

exports[`SingleBusiness component should match snapshot 1`] = `<Route />`;
